// Jest Snapshot v1, https://goo.gl/fbAQLP

exports[`RelatedVideos renders 1`] = `
<h3
  className="related-videos"
>
  The feature for related videos has been removed from YouTube API since August 7th, 2023
</h3>
`;
