// Jest Snapshot v1, https://goo.gl/fbAQLP

exports[`renders Header 1`] = `
<ContextConsumer>
  <Component />
</ContextConsumer>
`;
