// Jest Snapshot v1, https://goo.gl/fbAQLP

exports[`renders SideBar 1`] = `
<Menu
  borderless={true}
  className="side-nav"
  fixed="left"
  stackable={true}
  vertical={true}
>
  <withRouter(SideBarItem)
    icon="home"
    label="Home"
    path="/"
  />
  <withRouter(SideBarItem)
    icon="fire"
    label="Trending"
    path="/feed/trending"
  />
  <withRouter(SideBarItem)
    icon="spy"
    label="Followers"
  />
  <Divider />
  <withRouter(SideBarItem)
    icon="folder"
    label="Library"
  />
  <withRouter(SideBarItem)
    icon="history"
    label="History"
  />
  <withRouter(SideBarItem)
    icon="clock"
    label="Watch later"
  />
  <withRouter(SideBarItem)
    icon="thumbs up"
    label="Liked videos"
  />
  <Divider />
  <Subscriptions />
  <Divider />
  <SideBarHeader
    title="More from Youtube"
  />
  <withRouter(SideBarItem)
    icon="film"
    label="Movies and Shows"
  />
  <Divider />
  <withRouter(SideBarItem)
    icon="flag"
    label="Report history"
  />
  <withRouter(SideBarItem)
    icon="help circle"
    label="Help"
  />
  <withRouter(SideBarItem)
    icon="comment"
    label="Send feedback"
  />
  <Divider />
  <SideBarFooter />
</Menu>
`;
