// Jest Snapshot v1, https://goo.gl/fbAQLP

exports[`SideBarItem Renders highlighted SideBarItem with no navigation 1`] = `
<ContextConsumer>
  <Component />
</ContextConsumer>
`;

exports[`SideBarItem render non-highlighted SideBarItem that navigates to /feed/trending 1`] = `
<ContextConsumer>
  <Component />
</ContextConsumer>
`;

exports[`SideBarItem renders empty SideBarItem 1`] = `
<ContextConsumer>
  <Component />
</ContextConsumer>
`;

exports[`SideBarItem renders highlighted SideBarItem that navigates to /feed/trending 1`] = `
<ContextConsumer>
  <Component />
</ContextConsumer>
`;
